Table:1

machinetest=# create table tbl_stock (pk_int_stock_Id serial primary key, vchr_name varchar(20), int_quantity int, int_price int);
CREATE TABLE
machinetest=# \d tbl_stock;
                                              Table "public.tbl_stock"
     Column      |         Type          | Collation | Nullable |                      Default
-----------------+-----------------------+-----------+----------+----------------------------------------------------
 pk_int_stock_id | integer               |           | not null | nextval('tbl_stock_pk_int_stock_id_seq'::regclass)
 vchr_name       | character varying(20) |           |          |
 int_quantity    | integer               |           |          |
 int_price       | integer               |           |          |
Indexes:
    "tbl_stock_pkey" PRIMARY KEY, btree (pk_int_stock_id)




Table:2

machinetest=# alter table tbl_stock alter column int_price type float;
ALTER TABLE
machinetest=# \d tbl_stock;
                                              Table "public.tbl_stock"
     Column      |         Type          | Collation | Nullable |                      Default
-----------------+-----------------------+-----------+----------+----------------------------------------------------
 pk_int_stock_id | integer               |           | not null | nextval('tbl_stock_pk_int_stock_id_seq'::regclass)
 vchr_name       | character varying(20) |           |          |
 int_quantity    | integer               |           |          |
 int_price       | double precision      |           |          |
Indexes:
    "tbl_stock_pkey" PRIMARY KEY, btree (pk_int_stock_id)



Table:3

machinetest=# create table tbl_supplier(pk_int_supplier_id serial primary key, vchr_supplier_name varchar(25));
CREATE TABLE
machinetest=# \d tbl_supplier
                                                 Table "public.tbl_supplier"
       Column       |         Type          | Collation | Nullable |                         Default
--------------------+-----------------------+-----------+----------+----------------------------------------------------------
 pk_int_supplier_id | integer               |           | not null | nextval('tbl_supplier_pk_int_supplier_id_seq'::regclass)
 vchr_supplier_name | character varying(25) |           |          |
Indexes:
    "tbl_supplier_pkey" PRIMARY KEY, btree (pk_int_supplier_id)




Table:4

machinetest=# alter table tbl_stock add fk_int_supplier int;
ALTER TABLE
machinetest=# \d tbl_stock
                                              Table "public.tbl_stock"
     Column      |         Type          | Collation | Nullable |                      Default
-----------------+-----------------------+-----------+----------+----------------------------------------------------
 pk_int_stock_id | integer               |           | not null | nextval('tbl_stock_pk_int_stock_id_seq'::regclass)
 vchr_name       | character varying(20) |           |          |
 int_quantity    | integer               |           |          |
 int_price       | double precision      |           |          |
 fk_int_supplier | integer               |           |          |
Indexes:
    "tbl_stock_pkey" PRIMARY KEY, btree (pk_int_stock_id)




Table:5

machinetest=# alter table tbl_stock ADD FOREIGN KEY(fk_int_supplier) REFERENCES tbl_supplier(pk_int_supplier_id);
ALTER TABLE
machinetest=# \d tbl_stock
                                              Table "public.tbl_stock"
     Column      |         Type          | Collation | Nullable |                      Default
-----------------+-----------------------+-----------+----------+----------------------------------------------------
 pk_int_stock_id | integer               |           | not null | nextval('tbl_stock_pk_int_stock_id_seq'::regclass)
 vchr_name       | character varying(20) |           |          |
 int_quantity    | integer               |           |          |
 int_price       | double precision      |           |          |
 fk_int_supplier | integer               |           |          |
Indexes:
    "tbl_stock_pkey" PRIMARY KEY, btree (pk_int_stock_id)
Foreign-key constraints:
    "tbl_stock_fk_int_supplier_fkey" FOREIGN KEY (fk_int_supplier) REFERENCES tbl_supplier(pk_int_supplier_id)


machinetest=# \d tbl_supplier
                                                 Table "public.tbl_supplier"
       Column       |         Type          | Collation | Nullable |                         Default
--------------------+-----------------------+-----------+----------+----------------------------------------------------------
 pk_int_supplier_id | integer               |           | not null | nextval('tbl_supplier_pk_int_supplier_id_seq'::regclass)
 vchr_supplier_name | character varying(25) |           |          |
Indexes:
    "tbl_supplier_pkey" PRIMARY KEY, btree (pk_int_supplier_id)





Table:6

machinetest=# create table tbl_dept(pk_int_dept_id serial primary key, vchr_dept_name varchar(25));
CREATE TABLE
machinetest=# \dt
            List of relations
 Schema |     Name     | Type  |  Owner
--------+--------------+-------+----------
 public | tbl_dept     | table | postgres
 public | tbl_stock    | table | postgres
 public | tbl_supplier | table | postgres
(3 rows)


machinetest=# \d tbl_dept
                                             Table "public.tbl_dept"
     Column     |         Type          | Collation | Nullable |                     Default
----------------+-----------------------+-----------+----------+--------------------------------------------------
 pk_int_dept_id | integer               |           | not null | nextval('tbl_dept_pk_int_dept_id_seq'::regclass)
 vchr_dept_name | character varying(25) |           |          |
Indexes:
    "tbl_dept_pkey" PRIMARY KEY, btree (pk_int_dept_id)




Table:7

CREATE TABLE
machinetest=# alter table tbl_classes ADD FOREIGN KEY(fk_int_supplier) REFERENCES tbl_dept(pk_int_dept_id);
ERROR:  column "fk_int_supplier" referenced in foreign key constraint does not exist
machinetest=# \d tbl_classes
                                              Table "public.tbl_classes"
     Column      |         Type          | Collation | Nullable |                       Default
-----------------+-----------------------+-----------+----------+------------------------------------------------------
 pk_int_class_id | integer               |           | not null | nextval('tbl_classes_pk_int_class_id_seq'::regclass)
 vchr_class_name | character varying(20) |           |          |
 fk_int_dept_id  | integer               |           |          |
Indexes:
    "tbl_classes_pkey" PRIMARY KEY, btree (pk_int_class_id)

machinetest=# alter table tbl_classes ADD FOREIGN KEY(fk_int_dept_id) REFERENCES tbl_dept(pk_int_dept_id);
ALTER TABLE
machinetest=# \d tbl_dept
                                             Table "public.tbl_dept"
     Column     |         Type          | Collation | Nullable |                     Default
----------------+-----------------------+-----------+----------+--------------------------------------------------
 pk_int_dept_id | integer               |           | not null | nextval('tbl_dept_pk_int_dept_id_seq'::regclass)
 vchr_dept_name | character varying(25) |           |          |
Indexes:
    "tbl_dept_pkey" PRIMARY KEY, btree (pk_int_dept_id)
Referenced by:
    TABLE "tbl_classes" CONSTRAINT "tbl_classes_fk_int_dept_id_fkey" FOREIGN KEY (fk_int_dept_id) REFERENCES tbl_dept(pk_int_dept_id)


machinetest=# \d tbl_classes
                                              Table "public.tbl_classes"
     Column      |         Type          | Collation | Nullable |                       Default
-----------------+-----------------------+-----------+----------+------------------------------------------------------
 pk_int_class_id | integer               |           | not null | nextval('tbl_classes_pk_int_class_id_seq'::regclass)
 vchr_class_name | character varying(20) |           |          |
 fk_int_dept_id  | integer               |           |          |
Indexes:
    "tbl_classes_pkey" PRIMARY KEY, btree (pk_int_class_id)
Foreign-key constraints:
    "tbl_classes_fk_int_dept_id_fkey" FOREIGN KEY (fk_int_dept_id) REFERENCES tbl_dept(pk_int_dept_id)


Table:8

machinetest=# create table tbl_enrollment(pk_int_enrollment_id serial primary key, fk_int_class_id int);
CREATE TABLE
machinetest=# \d tbl_enrollment
                                            Table "public.tbl_enrollment"
        Column        |  Type   | Collation | Nullable |                           Default
----------------------+---------+-----------+----------+--------------------------------------------------------------
 pk_int_enrollment_id | integer |           | not null | nextval('tbl_enrollment_pk_int_enrollment_id_seq'::regclass)
 fk_int_class_id      | integer |           |          |
Indexes:
    "tbl_enrollment_pkey" PRIMARY KEY, btree (pk_int_enrollment_id)

machinetest=# alter table tbl_enrollment ADD FOREIGN KEY(fk_int_class_id) REFERENCES tbl_classes(pk_int_class_id);
ALTER TABLE
machinetest=# \d tbl classes
Did not find any relation named "tbl".
machinetest=# \d tbl_classes
                                              Table "public.tbl_classes"
     Column      |         Type          | Collation | Nullable |                       Default
-----------------+-----------------------+-----------+----------+------------------------------------------------------
 pk_int_class_id | integer               |           | not null | nextval('tbl_classes_pk_int_class_id_seq'::regclass)
 vchr_class_name | character varying(20) |           |          |
 fk_int_dept_id  | integer               |           |          |
Indexes:
    "tbl_classes_pkey" PRIMARY KEY, btree (pk_int_class_id)
Foreign-key constraints:
    "tbl_classes_fk_int_dept_id_fkey" FOREIGN KEY (fk_int_dept_id) REFERENCES tbl_dept(pk_int_dept_id)
Referenced by:
    TABLE "tbl_enrollment" CONSTRAINT "tbl_enrollment_fk_int_class_id_fkey" FOREIGN KEY (fk_int_class_id) REFERENCES tbl_classes(pk_int_class_id)


machinetest=# \d tbl_enrollment
                                            Table "public.tbl_enrollment"
        Column        |  Type   | Collation | Nullable |                           Default
----------------------+---------+-----------+----------+--------------------------------------------------------------
 pk_int_enrollment_id | integer |           | not null | nextval('tbl_enrollment_pk_int_enrollment_id_seq'::regclass)
 fk_int_class_id      | integer |           |          |
Indexes:
    "tbl_enrollment_pkey" PRIMARY KEY, btree (pk_int_enrollment_id)
Foreign-key constraints:
    "tbl_enrollment_fk_int_class_id_fkey" FOREIGN KEY (fk_int_class_id) REFERENCES tbl_classes(pk_int_class_id)



Table:9

machinetest=# alter table tbl_classes add constraint vchr_class_name_unique unique(vchr_class_name);
ALTER TABLE
machinetest=# \d tbl_classes
                                              Table "public.tbl_classes"
     Column      |         Type          | Collation | Nullable |                       Default
-----------------+-----------------------+-----------+----------+------------------------------------------------------
 pk_int_class_id | integer               |           | not null | nextval('tbl_classes_pk_int_class_id_seq'::regclass)
 vchr_class_name | character varying(20) |           |          |
 fk_int_dept_id  | integer               |           |          |
Indexes:
    "tbl_classes_pkey" PRIMARY KEY, btree (pk_int_class_id)
    "vchr_class_name_unique" UNIQUE CONSTRAINT, btree (vchr_class_name)
Foreign-key constraints:
    "tbl_classes_fk_int_dept_id_fkey" FOREIGN KEY (fk_int_dept_id) REFERENCES tbl_dept(pk_int_dept_id)
Referenced by:
    TABLE "tbl_enrollment" CONSTRAINT "tbl_enrollment_fk_int_class_id_fkey" FOREIGN KEY (fk_int_class_id) REFERENCES tbl_classes(pk_int_class_id)



Table:10

machinetest=# alter table tbl_dept add vchr_dept_description varchar(20);
ALTER TABLE
machinetest=# \d tbl_dept
                                                 Table "public.tbl_dept"
        Column         |         Type          | Collation | Nullable |                     Default                     
-----------------------+-----------------------+-----------+----------+--------------------------------------------------
 pk_int_dept_id        | integer               |           | not null | nextval('tbl_dept_pk_int_dept_id_seq'::regclass) vchr_dept_name        | character varying(25) |           |          |
 vchr_dept_description | character varying(20) |           |          |
Indexes:
    "tbl_dept_pkey" PRIMARY KEY, btree (pk_int_dept_id)
Referenced by:
    TABLE "tbl_classes" CONSTRAINT "tbl_classes_fk_int_dept_id_fkey" FOREIGN KEY (fk_int_dept_id) REFERENCES tbl_dept(pk_int_dept_id)




Table:11

machinetest=# insert into tbl_supplier values(1, 'Logitech');
INSERT 0 1
machinetest=# select * from tbl_supplier;
 pk_int_supplier_id | vchr_supplier_name
--------------------+--------------------
                  1 | Logitech
(1 row)


machinetest=# insert into tbl_supplier values(2, 'Samsung');
INSERT 0 1
machinetest=# insert into tbl_supplier values(3, 'Iball');
INSERT 0 1
machinetest=# insert into tbl_supplier values(4, 'LG');
INSERT 0 1
machinetest=# insert into tbl_supplier values(5, 'Creative');
INSERT 0 1
machinetest=# select * from tbl_supplier;
 pk_int_supplier_id | vchr_supplier_name
--------------------+--------------------
                  1 | Logitech
                  2 | Samsung
                  3 | Iball
                  4 | LG
                  5 | Creative
(5 rows)




